node.exe : Vercel 
CLI 50.18.2
At line:1 char:1
+ & "C:\Program Fil
es\nodejs/node.exe"
 "C:\Program Files\
nodejs/node_mo ...
+ ~~~~~~~~~~~~~~~~~
~~~~~~~~~~~~~~~~~~~
~~~~~~~~~~~~~~~~~~~
~~~~~~~~~~~~~~
    + CategoryInfo 
             : 
NotSpecifi    ed: 
(Vercel CLI 50    
.18.2:String) [],  
   RemoteException
    + 
FullyQualifiedEr   
 rorId : 
NativeComm    
andError
 
The "--name" 
option is 
deprecated (https:/
/vercel.link/name-f
lag)
Retrieving 
projectΓÇª
Deploying hendriks-
projects-c8fdc6db/g
artenpflege-honka
Uploading [--------
------------] 
(0.0B/9.7KB)
Uploading [========
------------] 
(4.2KB/9.7KB)
Uploading [========
========----] 
(8.2KB/9.7KB)
Uploading [========
==========--] 
(9.0KB/9.7KB)
Uploading [========
============] 
(9.7KB/9.7KB)
Inspect: https://ve
rcel.com/hendriks-p
rojects-c8fdc6db/ga
rtenpflege-honka/A8
ikNm3pzCK1cRBL1Xz6x
UX4Nx5S [3s]
Production: https:/
/gartenpflege-honka
-a278wokvh-hendriks
-projects-c8fdc6db.
vercel.app [3s]
Building...
Building...
Building: Running 
build in 
Washington, D.C., 
USA (East) ΓÇô iad1
Building: Build 
machine 
configuration: 2 
cores, 8 GB
Building: 
Retrieving list of 
deployment files...
Building: 
Downloading 72 
deployment files...
Building: Restored 
build cache from 
previous 
deployment (EPdEMaq
y2cCtaL75kiMDfPJrgy
Hp)
Building: Running 
"vercel build"
Building: Vercel 
CLI 50.18.2
Building: 
Installing 
dependencies...
Building: up to 
date in 1s
Building: 238 
packages are 
looking for funding
Building: run `npm 
fund` for details
Building: Detected 
Next.js version: 
16.1.6
Building: Running 
"npm run build"
Building: > gartenp
flege-honka@0.1.0 
build
Building: > next 
build
Building: Γû▓ 
Next.js 16.1.6 
(Turbopack)
Building: Creating 
an optimized 
production build 
...
Building: Γ£ô 
Compiled 
successfully in 
9.1s
Building: Running 
TypeScript ...
Building: 
Collecting page 
data using 1 
worker ...
Building: 
Generating static 
pages using 1 
worker (0/6) ...
Building: 
Generating static 
pages using 1 
worker (1/6)
Building: 
Generating static 
pages using 1 
worker (2/6)
Building: 
Generating static 
pages using 1 
worker (4/6)
Building: Γ£ô 
Generating static 
pages using 1 
worker (6/6) in 
239.1ms
Building: 
Finalizing page 
optimization ...
Building: Route 
(app)
Building: Γöî Γùï /
Building: Γö£ Γùï 
/_not-found
Building: Γö£ Γùï 
/datenschutz
Building: Γöö Γùï 
/impressum
Building: Γùï  
(Static)  
prerendered as 
static content
Building: Traced 
Next.js server 
files in: 34.81ms
Building: Created 
all serverless 
functions in: 
113.97ms
Building: 
Collected static 
files (public/, 
static/, 
.next/static): 
5.616ms
Building: Build 
Completed in 
/vercel/output 
[19s]
Building: 
Deploying 
outputs...
[2K[1A[2K[GProd
uction: https://gar
tenpflege-honka-a27
8wokvh-hendriks-pro
jects-c8fdc6db.verc
el.app [34s]
Completing...
Aliased: https://ga
rtenpflege-honka.ve
rcel.app [34s]
https://gartenpflege-honka-a278wokvh-hendriks-projects-c8fdc6db.vercel.app
